#-----------------------------------------------------------
# Webtalk v2019.1 (64-bit)
# SW Build 2552052 on Fri May 24 14:47:09 MDT 2019
# IP Build 2548770 on Fri May 24 18:01:18 MDT 2019
# Start of session at: Thu Sep  1 20:23:51 2022
# Process ID: 5513
# Current directory: /home/hari/Documents/Projects/RISC-V/Verilog_implementations/RV32I_SSP/RV32I_SSP.sim/sim_1/behav/xsim
# Command line: wbtcv -mode batch -source /home/hari/Documents/Projects/RISC-V/Verilog_implementations/RV32I_SSP/RV32I_SSP.sim/sim_1/behav/xsim/xsim.dir/CPU_Intergration_0_behav/webtalk/xsim_webtalk.tcl -notrace
# Log file: /home/hari/Documents/Projects/RISC-V/Verilog_implementations/RV32I_SSP/RV32I_SSP.sim/sim_1/behav/xsim/webtalk.log
# Journal file: /home/hari/Documents/Projects/RISC-V/Verilog_implementations/RV32I_SSP/RV32I_SSP.sim/sim_1/behav/xsim/webtalk.jou
#-----------------------------------------------------------
source /home/hari/Documents/Projects/RISC-V/Verilog_implementations/RV32I_SSP/RV32I_SSP.sim/sim_1/behav/xsim/xsim.dir/CPU_Intergration_0_behav/webtalk/xsim_webtalk.tcl -notrace
